../Core/Src/main.c:110:6:forward	1
../Core/Src/main.c:116:6:backward	1
../Core/Src/main.c:122:6:stop	1
../Core/Src/main.c:197:5:formGroups	3
../Core/Src/main.c:212:5:groupRange	7
../Core/Src/main.c:233:5:nearestMinWhite	2
../Core/Src/main.c:241:5:nearestMaxWhite	2
../Core/Src/main.c:250:5:isBlackKey	6
../Core/Src/main.c:258:6:groupMerge	3
../Core/Src/main.c:267:6:groupContinuity	6
../Core/Src/main.c:288:6:movementOps	4
../Core/Src/main.c:309:5:assignActuatorPos	21
../Core/Src/main.c:360:6:splitStartStop	2
../Core/Src/main.c:368:6:sortStop	4
../Core/Src/main.c:402:6:assignDCAct	4
../Core/Src/main.c:419:5:setNextLinActuatorTime	6
../Core/Src/main.c:456:5:setDCStart	6
../Core/Src/main.c:492:5:setDCStop	6
../Core/Src/main.c:526:6:setNextAction	17
../Core/Src/main.c:573:6:HAL_TIM_PeriodElapsedCallback	41
../Core/Src/main.c:787:6:moveActuatorLeft	2
../Core/Src/main.c:804:6:moveActuatorRight	2
../Core/Src/main.c:822:6:play_notes	1
../Core/Src/main.c:866:6:actuatorMoveDistLoop	4
../Core/Src/main.c:896:6:ON1_PCF8574	1
../Core/Src/main.c:909:6:ON2_PCF8574	1
../Core/Src/main.c:922:6:ON3_PCF8574	1
../Core/Src/main.c:935:6:GPIO_Activation_Right	13
../Core/Src/main.c:999:6:GPIO_Activation_Left	13
../Core/Src/main.c:1063:6:GPIO_Deactivation_Right	13
../Core/Src/main.c:1126:6:GPIO_Deactivation_Left	13
../Core/Src/main.c:1195:5:main	7
../Core/Src/main.c:1466:6:SystemClock_Config	4
../Core/Src/main.c:1517:13:MX_CRC_Init	2
../Core/Src/main.c:1548:13:MX_I2C1_Init	4
../Core/Src/main.c:1596:13:MX_I2C2_Init	4
../Core/Src/main.c:1644:13:MX_I2C3_Init	4
../Core/Src/main.c:1692:13:MX_I2C4_Init	4
../Core/Src/main.c:1740:13:MX_SPI1_Init	2
../Core/Src/main.c:1780:13:MX_SPI2_Init	2
../Core/Src/main.c:1820:13:MX_TIM2_Init	4
../Core/Src/main.c:1865:13:MX_TIM3_Init	4
../Core/Src/main.c:1914:13:MX_TIM4_Init	4
../Core/Src/main.c:1959:13:MX_TIM5_Init	4
../Core/Src/main.c:2008:13:MX_USART2_UART_Init	5
../Core/Src/main.c:2056:13:MX_USART3_UART_Init	5
../Core/Src/main.c:2102:13:MX_DMA_Init	1
../Core/Src/main.c:2124:13:MX_GPIO_Init	1
../Core/Src/main.c:2350:6:HAL_UART_RxCpltCallback	17
../Core/Src/main.c:2439:6:Error_Handler	1
