../Core/Src/main.c:110:6:fill_LUT	32	static
../Core/Src/main.c:122:6:setComp	16	static
../Core/Src/main.c:142:6:changeNote	16	static
../Core/Src/main.c:147:6:speakNote	24	static
../Core/Src/main.c:156:6:stopSpeaker	8	static
../Core/Src/main.c:162:6:TIM7_ISR	8	static
../Core/Src/main.c:182:6:forward	16	static
../Core/Src/main.c:188:6:backward	16	static
../Core/Src/main.c:194:6:stop	16	static
../Core/Src/main.c:269:5:formGroups	24	static
../Core/Src/main.c:284:5:groupRange	48	static
../Core/Src/main.c:305:5:nearestMinWhite	16	static
../Core/Src/main.c:313:5:nearestMaxWhite	16	static
../Core/Src/main.c:322:5:isBlackKey	24	static
../Core/Src/main.c:330:6:groupMerge	32	static
../Core/Src/main.c:339:6:groupContinuity	40	static
../Core/Src/main.c:360:6:movementOps	32	static
../Core/Src/main.c:381:5:assignActuatorPos	40	static
../Core/Src/main.c:432:6:splitStartStop	32	static
../Core/Src/main.c:440:6:sortStop	32	static
../Core/Src/main.c:474:6:assignDCAct	32	static
../Core/Src/main.c:491:5:setNextLinActuatorTime	16	static
../Core/Src/main.c:528:5:setDCStart	16	static
../Core/Src/main.c:564:5:setDCStop	16	static
../Core/Src/main.c:598:6:setNextAction	32	static
../Core/Src/main.c:645:6:HAL_TIM_PeriodElapsedCallback	24	static
../Core/Src/main.c:860:6:moveActuatorLeft	40	static
../Core/Src/main.c:877:6:moveActuatorRight	40	static
../Core/Src/main.c:895:6:play_notes	8	static
../Core/Src/main.c:939:6:actuatorMoveDistLoop	32	static
../Core/Src/main.c:969:6:ON1_PCF8574	32	static
../Core/Src/main.c:982:6:ON2_PCF8574	32	static
../Core/Src/main.c:995:6:ON3_PCF8574	32	static
../Core/Src/main.c:1008:6:GPIO_Activation_Right	56	static
../Core/Src/main.c:1078:6:GPIO_Activation_Left	56	static
../Core/Src/main.c:1144:6:GPIO_Deactivation_Right	56	static
../Core/Src/main.c:1213:6:GPIO_Deactivation_Left	56	static
../Core/Src/main.c:1284:5:main	32	static
../Core/Src/main.c:1667:6:SystemClock_Config	96	static
../Core/Src/main.c:1718:13:MX_CRC_Init	8	static
../Core/Src/main.c:1749:13:MX_DAC1_Init	48	static
../Core/Src/main.c:1793:13:MX_I2C1_Init	8	static
../Core/Src/main.c:1841:13:MX_I2C2_Init	8	static
../Core/Src/main.c:1889:13:MX_I2C3_Init	8	static
../Core/Src/main.c:1937:13:MX_I2C4_Init	8	static
../Core/Src/main.c:1985:13:MX_SPI1_Init	8	static
../Core/Src/main.c:2025:13:MX_SPI2_Init	8	static
../Core/Src/main.c:2065:13:MX_TIM2_Init	40	static
../Core/Src/main.c:2110:13:MX_TIM3_Init	48	static
../Core/Src/main.c:2159:13:MX_TIM4_Init	40	static
../Core/Src/main.c:2204:13:MX_TIM5_Init	48	static
../Core/Src/main.c:2253:13:MX_TIM7_Init	24	static
../Core/Src/main.c:2291:13:MX_USART2_UART_Init	8	static
../Core/Src/main.c:2339:13:MX_USART3_UART_Init	8	static
../Core/Src/main.c:2385:13:MX_DMA_Init	16	static
../Core/Src/main.c:2407:13:MX_GPIO_Init	64	static
../Core/Src/main.c:2643:6:HAL_UART_RxCpltCallback	32	static
../Core/Src/main.c:2732:6:Error_Handler	4	static,ignoring_inline_asm
