../Core/Src/main.c:110:6:fill_LUT	2
../Core/Src/main.c:122:6:setComp	2
../Core/Src/main.c:142:6:changeNote	1
../Core/Src/main.c:147:6:speakNote	1
../Core/Src/main.c:156:6:stopSpeaker	1
../Core/Src/main.c:162:6:TIM7_ISR	2
../Core/Src/main.c:182:6:forward	1
../Core/Src/main.c:188:6:backward	1
../Core/Src/main.c:194:6:stop	1
../Core/Src/main.c:269:5:formGroups	3
../Core/Src/main.c:284:5:groupRange	7
../Core/Src/main.c:305:5:nearestMinWhite	2
../Core/Src/main.c:313:5:nearestMaxWhite	2
../Core/Src/main.c:322:5:isBlackKey	6
../Core/Src/main.c:330:6:groupMerge	3
../Core/Src/main.c:339:6:groupContinuity	6
../Core/Src/main.c:360:6:movementOps	4
../Core/Src/main.c:381:5:assignActuatorPos	21
../Core/Src/main.c:432:6:splitStartStop	2
../Core/Src/main.c:440:6:sortStop	4
../Core/Src/main.c:474:6:assignDCAct	4
../Core/Src/main.c:491:5:setNextLinActuatorTime	6
../Core/Src/main.c:528:5:setDCStart	6
../Core/Src/main.c:564:5:setDCStop	6
../Core/Src/main.c:598:6:setNextAction	17
../Core/Src/main.c:645:6:HAL_TIM_PeriodElapsedCallback	42
../Core/Src/main.c:860:6:moveActuatorLeft	2
../Core/Src/main.c:877:6:moveActuatorRight	2
../Core/Src/main.c:895:6:play_notes	1
../Core/Src/main.c:939:6:actuatorMoveDistLoop	4
../Core/Src/main.c:969:6:ON1_PCF8574	1
../Core/Src/main.c:982:6:ON2_PCF8574	1
../Core/Src/main.c:995:6:ON3_PCF8574	1
../Core/Src/main.c:1008:6:GPIO_Activation_Right	14
../Core/Src/main.c:1078:6:GPIO_Activation_Left	14
../Core/Src/main.c:1144:6:GPIO_Deactivation_Right	14
../Core/Src/main.c:1213:6:GPIO_Deactivation_Left	14
../Core/Src/main.c:1284:5:main	1
../Core/Src/main.c:1667:6:SystemClock_Config	4
../Core/Src/main.c:1718:13:MX_CRC_Init	2
../Core/Src/main.c:1749:13:MX_DAC1_Init	3
../Core/Src/main.c:1793:13:MX_I2C1_Init	4
../Core/Src/main.c:1841:13:MX_I2C2_Init	4
../Core/Src/main.c:1889:13:MX_I2C3_Init	4
../Core/Src/main.c:1937:13:MX_I2C4_Init	4
../Core/Src/main.c:1985:13:MX_SPI1_Init	2
../Core/Src/main.c:2025:13:MX_SPI2_Init	2
../Core/Src/main.c:2065:13:MX_TIM2_Init	4
../Core/Src/main.c:2110:13:MX_TIM3_Init	4
../Core/Src/main.c:2159:13:MX_TIM4_Init	4
../Core/Src/main.c:2204:13:MX_TIM5_Init	4
../Core/Src/main.c:2253:13:MX_TIM7_Init	3
../Core/Src/main.c:2291:13:MX_USART2_UART_Init	5
../Core/Src/main.c:2339:13:MX_USART3_UART_Init	5
../Core/Src/main.c:2385:13:MX_DMA_Init	1
../Core/Src/main.c:2407:13:MX_GPIO_Init	1
../Core/Src/main.c:2643:6:HAL_UART_RxCpltCallback	17
../Core/Src/main.c:2732:6:Error_Handler	1
