../Core/Src/main.c:110:6:forward	16	static
../Core/Src/main.c:116:6:backward	16	static
../Core/Src/main.c:122:6:stop	16	static
../Core/Src/main.c:195:5:formGroups	24	static
../Core/Src/main.c:210:5:groupRange	48	static
../Core/Src/main.c:231:5:nearestMinWhite	16	static
../Core/Src/main.c:239:5:nearestMaxWhite	16	static
../Core/Src/main.c:248:5:isBlackKey	24	static
../Core/Src/main.c:256:6:groupMerge	32	static
../Core/Src/main.c:265:6:groupContinuity	40	static
../Core/Src/main.c:286:6:movementOps	32	static
../Core/Src/main.c:307:5:assignActuatorPos	40	static
../Core/Src/main.c:358:6:splitStartStop	32	static
../Core/Src/main.c:366:6:sortStop	32	static
../Core/Src/main.c:400:6:assignDCAct	32	static
../Core/Src/main.c:417:5:setNextLinActuatorTime	16	static
../Core/Src/main.c:454:5:setDCStart	16	static
../Core/Src/main.c:490:5:setDCStop	16	static
../Core/Src/main.c:524:6:setNextAction	32	static
../Core/Src/main.c:571:6:HAL_TIM_PeriodElapsedCallback	24	static
../Core/Src/main.c:785:6:moveActuatorLeft	40	static
../Core/Src/main.c:802:6:moveActuatorRight	40	static
../Core/Src/main.c:820:6:play_notes	8	static
../Core/Src/main.c:863:6:actuatorMoveDistLoop	32	static
../Core/Src/main.c:893:6:ON1_PCF8574	32	static
../Core/Src/main.c:906:6:ON2_PCF8574	32	static
../Core/Src/main.c:919:6:ON3_PCF8574	32	static
../Core/Src/main.c:932:6:GPIO_Activation_Right	56	static
../Core/Src/main.c:996:6:GPIO_Activation_Left	56	static
../Core/Src/main.c:1060:6:GPIO_Deactivation_Right	56	static
../Core/Src/main.c:1123:6:GPIO_Deactivation_Left	56	static
../Core/Src/main.c:1192:5:main	16	static
../Core/Src/main.c:1430:6:SystemClock_Config	96	static
../Core/Src/main.c:1481:13:MX_CRC_Init	8	static
../Core/Src/main.c:1512:13:MX_I2C1_Init	8	static
../Core/Src/main.c:1560:13:MX_I2C2_Init	8	static
../Core/Src/main.c:1608:13:MX_I2C3_Init	8	static
../Core/Src/main.c:1656:13:MX_I2C4_Init	8	static
../Core/Src/main.c:1704:13:MX_SPI1_Init	8	static
../Core/Src/main.c:1744:13:MX_SPI2_Init	8	static
../Core/Src/main.c:1784:13:MX_TIM2_Init	40	static
../Core/Src/main.c:1829:13:MX_TIM3_Init	48	static
../Core/Src/main.c:1878:13:MX_TIM4_Init	40	static
../Core/Src/main.c:1923:13:MX_TIM5_Init	48	static
../Core/Src/main.c:1972:13:MX_USART2_UART_Init	8	static
../Core/Src/main.c:2020:13:MX_USART3_UART_Init	8	static
../Core/Src/main.c:2066:13:MX_DMA_Init	16	static
../Core/Src/main.c:2088:13:MX_GPIO_Init	64	static
../Core/Src/main.c:2314:6:HAL_UART_RxCpltCallback	32	static
../Core/Src/main.c:2403:6:Error_Handler	4	static,ignoring_inline_asm
