../Core/Src/main.c:110:6:forward	16	static
../Core/Src/main.c:116:6:backward	16	static
../Core/Src/main.c:122:6:stop	16	static
../Core/Src/main.c:197:5:formGroups	24	static
../Core/Src/main.c:212:5:groupRange	48	static
../Core/Src/main.c:233:5:nearestMinWhite	16	static
../Core/Src/main.c:241:5:nearestMaxWhite	16	static
../Core/Src/main.c:250:5:isBlackKey	24	static
../Core/Src/main.c:258:6:groupMerge	32	static
../Core/Src/main.c:267:6:groupContinuity	40	static
../Core/Src/main.c:288:6:movementOps	32	static
../Core/Src/main.c:309:5:assignActuatorPos	40	static
../Core/Src/main.c:360:6:splitStartStop	32	static
../Core/Src/main.c:368:6:sortStop	32	static
../Core/Src/main.c:402:6:assignDCAct	32	static
../Core/Src/main.c:419:5:setNextLinActuatorTime	16	static
../Core/Src/main.c:456:5:setDCStart	16	static
../Core/Src/main.c:492:5:setDCStop	16	static
../Core/Src/main.c:526:6:setNextAction	32	static
../Core/Src/main.c:573:6:HAL_TIM_PeriodElapsedCallback	24	static
../Core/Src/main.c:787:6:moveActuatorLeft	40	static
../Core/Src/main.c:804:6:moveActuatorRight	40	static
../Core/Src/main.c:822:6:play_notes	8	static
../Core/Src/main.c:866:6:actuatorMoveDistLoop	32	static
../Core/Src/main.c:896:6:ON1_PCF8574	32	static
../Core/Src/main.c:909:6:ON2_PCF8574	32	static
../Core/Src/main.c:922:6:ON3_PCF8574	32	static
../Core/Src/main.c:935:6:GPIO_Activation_Right	56	static
../Core/Src/main.c:999:6:GPIO_Activation_Left	56	static
../Core/Src/main.c:1063:6:GPIO_Deactivation_Right	56	static
../Core/Src/main.c:1126:6:GPIO_Deactivation_Left	56	static
../Core/Src/main.c:1195:5:main	32	static
../Core/Src/main.c:1493:6:SystemClock_Config	96	static
../Core/Src/main.c:1544:13:MX_CRC_Init	8	static
../Core/Src/main.c:1575:13:MX_I2C1_Init	8	static
../Core/Src/main.c:1623:13:MX_I2C2_Init	8	static
../Core/Src/main.c:1671:13:MX_I2C3_Init	8	static
../Core/Src/main.c:1719:13:MX_I2C4_Init	8	static
../Core/Src/main.c:1767:13:MX_SPI1_Init	8	static
../Core/Src/main.c:1807:13:MX_SPI2_Init	8	static
../Core/Src/main.c:1847:13:MX_TIM2_Init	40	static
../Core/Src/main.c:1892:13:MX_TIM3_Init	48	static
../Core/Src/main.c:1941:13:MX_TIM4_Init	40	static
../Core/Src/main.c:1986:13:MX_TIM5_Init	48	static
../Core/Src/main.c:2035:13:MX_USART2_UART_Init	8	static
../Core/Src/main.c:2083:13:MX_USART3_UART_Init	8	static
../Core/Src/main.c:2129:13:MX_DMA_Init	16	static
../Core/Src/main.c:2151:13:MX_GPIO_Init	64	static
../Core/Src/main.c:2377:6:HAL_UART_RxCpltCallback	32	static
../Core/Src/main.c:2466:6:Error_Handler	4	static,ignoring_inline_asm
