../Core/Src/main.c:87:6:forward	16	static
../Core/Src/main.c:93:6:backward	16	static
../Core/Src/main.c:99:6:stop	16	static
../Core/Src/main.c:163:5:formGroups	24	static
../Core/Src/main.c:178:5:groupRange	48	static
../Core/Src/main.c:199:5:nearestMinWhite	16	static
../Core/Src/main.c:207:5:nearestMaxWhite	16	static
../Core/Src/main.c:216:5:isBlackKey	24	static
../Core/Src/main.c:224:6:groupMerge	32	static
../Core/Src/main.c:233:6:groupContinuity	40	static
../Core/Src/main.c:254:6:movementOps	32	static
../Core/Src/main.c:275:5:assignActuatorPos	40	static
../Core/Src/main.c:326:6:splitStartStop	32	static
../Core/Src/main.c:334:6:sortStop	32	static
../Core/Src/main.c:368:6:assignDCAct	32	static
../Core/Src/main.c:383:5:setNextLinActuatorTime	16	static
../Core/Src/main.c:413:6:HAL_TIM_PeriodElapsedCallback	32	static
../Core/Src/main.c:581:6:moveActuatorDistLeft	32	static
../Core/Src/main.c:596:6:moveActuatorDistRight	32	static
../Core/Src/main.c:610:6:moveActuatorLeft	40	static
../Core/Src/main.c:627:6:moveActuatorRight	40	static
../Core/Src/main.c:645:6:play_notes	8	static
../Core/Src/main.c:673:6:actuatorMoveDistLoop	32	static
../Core/Src/main.c:696:6:ON1_PCF8574	32	static
../Core/Src/main.c:715:5:main	16	static
../Core/Src/main.c:857:6:SystemClock_Config	96	static
../Core/Src/main.c:902:13:MX_I2C1_Init	8	static
../Core/Src/main.c:950:13:MX_TIM2_Init	40	static
../Core/Src/main.c:995:13:MX_TIM3_Init	40	static
../Core/Src/main.c:1040:13:MX_TIM4_Init	40	static
../Core/Src/main.c:1085:13:MX_TIM5_Init	48	static
../Core/Src/main.c:1134:13:MX_USART2_UART_Init	8	static
../Core/Src/main.c:1182:13:MX_USART3_UART_Init	8	static
../Core/Src/main.c:1230:13:MX_GPIO_Init	64	static
../Core/Src/main.c:1439:6:HAL_UART_RxCpltCallback	32	static
../Core/Src/main.c:1572:6:Error_Handler	4	static,ignoring_inline_asm
